Godot Engine v4.7.2.stable.official.ed1daf0bf - https://godotengine.org

[   0% ] first_scan_filesystem | Started Project initialization (5 steps)
[   0% ] first_scan_filesystem | Scanning file structure...
[  16% ] first_scan_filesystem | Loading global class names...
[  33% ] first_scan_filesystem | Verifying GDExtensions...
[  50% ] first_scan_filesystem | Creating autoload scripts...
[  66% ] first_scan_filesystem | Initializing plugins...
[  83% ] first_scan_filesystem | Starting file scan...
[ DONE ] first_scan_filesystem

[   0% ] update_scripts_classes | Started Registering global classes... (5 steps)
[   0% ] update_scripts_classes | 
[  16% ] update_scripts_classes | 
[  33% ] update_scripts_classes | 
[  50% ] update_scripts_classes | 
[  66% ] update_scripts_classes | 
[ DONE ] update_scripts_classes

[   0% ] loading_editor_layout | Started Loading editor (5 steps)
[   0% ] loading_editor_layout | Loading editor layout...
[  16% ] loading_editor_layout | Loading docks...
[ DONE ] loading_editor_layout

HH_EDITOR_SEMANTIC {"context_kind":"live_editor","editor_hint":true,"engine_version":"4.7.2-stable (official)","pid":39356,"public_ack":false,"schema":"hh-editor-semantic-probe-1","snapshot":{"code":"SCENE_INSPECTED","filesystem_mutated":false,"generation":1,"held":false,"history_id":1,"offset":0,"ok":true,"revision":"sha256:20d4f7f823728d3f998c5b167482eeb379d9a925e1429e96432d7f13158609ca","state":{"nodes":[{"groups":[],"name":"Fixture","node_type":"Node3D","owner_id":"","parent_id":"","position":[0.0,0.0,0.0],"rotation_degrees":[0.0,0.0,0.0],"scale":[1.0,1.0,1.0],"sibling_index":0,"stable_id":"root","stored":{"auto_translate_mode":0,"editor_description":"","enabled":false,"fixture_value":23,"metadata/hh_studio_id":"root","move_speed":2.25,"physics_interpolation_mode":0,"process_mode":0,"process_physics_priority":0,"process_priority":0,"process_thread_group":0,"rotation_edit_mode":0,"rotation_order":2,"script":{"path":"res://scripts/fixture_actor.gd","source_sha256":"ddbae2682cac26555cf52a4dce8593f96246eba9ea84881727dcf0d5d55cdd8c","type":"GDScript"},"top_level":false,"transform":{"type":18,"value":[{"type":17,"value":[{"type":9,"value":[1.0,0.0,0.0]},{"type":9,"value":[0.0,1.0,0.0]},{"type":9,"value":[0.0,0.0,1.0]}]},{"type":9,"value":[0.0,0.0,0.0]}]},"turn_speed":90.0,"unique_name_in_owner":false,"visibility_parent":{"type":22,"value":""},"visible":true}},{"box_size":[3.0,2.0,1.0],"groups":[],"name":"BoxOne","node_type":"MeshInstance3D","owner_id":"root","parent_id":"root","position":[4.0,5.0,6.0],"rotation_degrees":[0.0,0.0,90.0],"scale":[2.0,3.0,4.0],"sibling_index":0,"stable_id":"box-one","stored":{"auto_translate_mode":0,"cast_shadow":1,"custom_aabb":{"type":16,"value":[{"type":9,"value":[0.0,0.0,0.0]},{"type":9,"value":[0.0,0.0,0.0]}]},"editor_description":"","extra_cull_margin":0.0,"gi_lightmap_texel_scale":1.0,"gi_mode":1,"ignore_occlusion_culling":false,"layers":1,"lod_bias":1.0,"material_overlay":null,"material_override":null,"mesh":{"stored":{"add_uv2":false,"custom_aabb":{"type":16,"value":[{"type":9,"value":[0.0,0.0,0.0]},{"type":9,"value":[0.0,0.0,0.0]}]},"flip_faces":false,"lightmap_size_hint":{"type":6,"value":[0,0]},"material":null,"resource_local_to_scene":false,"resource_name":"","script":null,"size":{"type":9,"value":[3.0,2.0,1.0]},"subdivide_depth":0,"subdivide_height":0,"subdivide_width":0,"uv2_padding":2.0},"type":"BoxMesh"},"metadata/hh_studio_id":"box-one","physics_interpolation_mode":0,"process_mode":0,"process_physics_priority":0,"process_priority":0,"process_thread_group":0,"rotation_edit_mode":0,"rotation_order":2,"script":null,"skeleton":{"type":22,"value":""},"skin":null,"sorting_offset":0.0,"sorting_use_aabb_center":true,"surface_material_override/0":null,"top_level":false,"transform":{"type":18,"value":[{"type":17,"value":[{"type":9,"value":[0.0,2.0,0.0]},{"type":9,"value":[-3.0,0.0,0.0]},{"type":9,"value":[0.0,0.0,4.0]}]},{"type":9,"value":[4.0,5.0,6.0]}]},"transparency":0.0,"unique_name_in_owner":false,"visibility_parent":{"type":22,"value":""},"visibility_range_begin":0.0,"visibility_range_begin_margin":0.0,"visibility_range_end":0.0,"visibility_range_end_margin":0.0,"visibility_range_fade_mode":0,"visible":true}}]},"total":2}}
