Godot Engine v4.7.2.stable.official.ed1daf0bf - https://godotengine.org

[   0% ] first_scan_filesystem | Started Project initialization (5 steps)
[   0% ] first_scan_filesystem | Scanning file structure...
[  16% ] first_scan_filesystem | Loading global class names...
[  33% ] first_scan_filesystem | Verifying GDExtensions...
[  50% ] first_scan_filesystem | Creating autoload scripts...
[  66% ] first_scan_filesystem | Initializing plugins...
[  83% ] first_scan_filesystem | Starting file scan...
[ DONE ] first_scan_filesystem

[   0% ] update_scripts_classes | Started Registering global classes... (5 steps)
[   0% ] update_scripts_classes | 
[  16% ] update_scripts_classes | 
[  33% ] update_scripts_classes | 
[  50% ] update_scripts_classes | 
[  66% ] update_scripts_classes | 
[ DONE ] update_scripts_classes

[   0% ] loading_editor_layout | Started Loading editor (5 steps)
[   0% ] loading_editor_layout | Loading editor layout...
[  16% ] loading_editor_layout | Loading docks...
[ DONE ] loading_editor_layout

HH_EDITOR_SEMANTIC {"context_kind":"live_editor","editor_hint":true,"engine_version":"4.7.2-stable (official)","pid":33648,"public_ack":false,"schema":"hh-editor-semantic-probe-1","snapshot":{"code":"SCENE_INSPECTED","filesystem_mutated":false,"generation":1,"held":false,"history_id":1,"offset":0,"ok":true,"revision":"sha256:78530c149c2e71bffdb195322099c8f157c954c3d880173884f3761882522f52","state":{"nodes":[{"groups":[],"name":"Fixture","node_type":"Node3D","owner_id":"","parent_id":"","position":[0.0,0.0,0.0],"rotation_degrees":[0.0,0.0,0.0],"scale":[1.0,1.0,1.0],"sibling_index":0,"stable_id":"root","stored":{"auto_translate_mode":0,"editor_description":"","enabled":false,"fixture_value":23,"metadata/hh_studio_id":"root","move_speed":1e-13,"physics_interpolation_mode":0,"process_mode":0,"process_physics_priority":0,"process_priority":0,"process_thread_group":0,"rotation_edit_mode":0,"rotation_order":2,"script":{"path":"res://scripts/fixture_actor.gd","source_sha256":"65adc1890955fe3392abdc6c8c5087da8b355704a54c24058a812069d4fedeee","type":"GDScript"},"top_level":false,"transform":{"type":18,"value":[{"type":17,"value":[{"type":9,"value":[1.0,0.0,0.0]},{"type":9,"value":[0.0,1.0,0.0]},{"type":9,"value":[0.0,0.0,1.0]}]},{"type":9,"value":[0.0,0.0,0.0]}]},"turn_speed":90.0,"unique_name_in_owner":false,"visibility_parent":{"type":22,"value":""},"visible":true}}]},"total":1}}
